name age num_pets
---- --- --------
Ann   21        1
