name age num_pets
---- --- --------
Ann   21        1
Bob   45        2
Cath  52        4
